---
source: query-compiler/query-compiler/tests/queries.rs
assertion_line: 82
expression: pretty
input_file: query-compiler/query-compiler/tests/data/find-many-with-sql-comments.json
snapshot_kind: text
---
dataMap {
    id: Int (id)
    email: String (email)
    role: Enum<Role> (role)
}
enums {
    Role: {
        admin: ADMIN
        user: USER
    }
}
query «SELECT "t0"."id", "t0"."email", "t0"."role"::text FROM "public"."User" AS
       "t0" WHERE "t0"."email"::text LIKE $1 /*
       controller='UserController',route='%2Fapi%2Fusers' */»
params [const(String("%prisma.io%"))]
